/Applications/STM32CubeIDE.app/Contents/Eclipse/plugins/com.st.stm32cube.ide.mcu.externaltools.gnu-tools-for-stm32.10.3-2021.10.macos64_1.0.200.202301161003/tools/arm-none-eabi/include/c++/10.3.1/arm-none-eabi/thumb/v7e-m+fp/hard/bits/gthr-default.h:229:1:int __gthread_key_delete(__gthread_key_t)	16	static
../Core/Src/Alarm.cpp:10:1:prSunrise::Alarm::Alarm(int, int, int)	24	static
../Core/Src/Alarm.cpp:12:1:prSunrise::Alarm::Alarm(prSunrise::Clock*&)	16	static
../Core/Src/Alarm.cpp:14:1:prSunrise::Alarm::~Alarm()	16	static
../Core/Src/Alarm.cpp:18:6:bool prSunrise::Alarm::isTime() const	16	static
../Core/Src/Alarm.cpp:25:6:void prSunrise::Alarm::turnOff()	16	static
../Core/Src/Alarm.cpp:28:6:void prSunrise::Alarm::activate(bool)	16	static
../Core/Src/Alarm.cpp:31:6:void prSunrise::Alarm::modifyAlarm(prSunrise::Alarm&&)	16	static
../Core/Src/Alarm.cpp:36:6:void prSunrise::Alarm::modifyAlarm(int, int, int)	24	static
../Core/Src/Alarm.cpp:41:6:void prSunrise::Alarm::changeClock(prSunrise::Clock*)	16	static
../Core/Src/Alarm.cpp:45:1:void __static_initialization_and_destruction_0(int, int)	16	static
../Core/Src/Alarm.cpp:45:1:cpp)	8	static
../Core/Src/Alarm.cpp:45:1:cpp)	8	static
