/Applications/STM32CubeIDE.app/Contents/Eclipse/plugins/com.st.stm32cube.ide.mcu.externaltools.gnu-tools-for-stm32.10.3-2021.10.macos64_1.0.200.202301161003/tools/arm-none-eabi/include/c++/10.3.1/arm-none-eabi/thumb/v7e-m+fp/hard/bits/gthr-default.h:229:1:int __gthread_key_delete(__gthread_key_t)	16	static
../Core/Src/main.cpp:77:5:int main()	40	dynamic
../Core/Src/main.cpp:143:6:void SystemClock_Config()	88	static
../Core/Src/main.cpp:189:13:void MX_I2C1_Init()	8	static
../Core/Src/main.cpp:223:13:void MX_TIM2_Init()	48	static
../Core/Src/main.cpp:272:13:void MX_TIM10_Init()	8	static
../Core/Src/main.cpp:303:13:void MX_GPIO_Init()	24	static
../Core/Src/main.cpp:320:6:void Write_Command(uint16_t, uint8_t)	32	static
../Core/Src/main.cpp:326:6:void Write_Data(uint16_t, uint8_t*, int)	64	dynamic
../Core/Src/main.cpp:333:6:void DISP_INIT()	8	static
../Core/Src/main.cpp:395:6:void Error_Handler()	4	static,ignoring_inline_asm
